// Jest Snapshot v1, https://goo.gl/fbAQLP

exports[`components/properties/lastModifiedBy should match snapshot 1`] = `
<div>
  <div
    class="UserProperty octo-propertyvalue octo-propertyvalue--readonly"
  >
    <div
      class="UserProperty-item"
    >
      username_1
    </div>
  </div>
</div>
`;
