// Jest Snapshot v1, https://goo.gl/fbAQLP

exports[`components/content/ImageElement archived file 1`] = `
<div>
  <div
    class="ArchivedFile"
  >
    <i
      class="CompassIcon icon-file-image-broken-outline BrokenFile"
    />
    <div
      class="fileMetadata"
    >
      <p
        class="filename"
      >
        Filename
      </p>
      <p>
        TXT
         
        161.1 KiB
      </p>
    </div>
  </div>
</div>
`;

exports[`components/content/ImageElement should match snapshot 1`] = `
<div>
  <img
    alt="test-title"
    class="ImageElement"
    src="test.jpg"
  />
</div>
`;
