// Jest Snapshot v1, https://goo.gl/fbAQLP

exports[`components/content/archivedFile should match snapshot 1`] = `
<div>
  <div
    class="ArchivedFile"
  >
    <i
      class="CompassIcon icon-file-image-broken-outline BrokenFile"
    />
    <div
      class="fileMetadata"
    >
      <p
        class="filename"
      >
        stuff to put in jell-o
      </p>
      <p>
        TXT
         
        2.0 KiB
      </p>
    </div>
  </div>
</div>
`;
