// Jest Snapshot v1, https://goo.gl/fbAQLP

exports[`component/BoardSwitcherDialog base case 1`] = `
<div>
  <div
    class="Dialog dialog-back BoardSwitcherDialog"
  >
    <div
      class="backdrop"
    />
    <div
      class="wrapper"
    >
      <div
        class="dialog"
        role="dialog"
      >
        <div
          class="toolbar"
        >
          <button
            aria-label="Close dialog"
            title="Close dialog"
            type="button"
          >
            <i
              class="CompassIcon icon-close CloseIcon"
            />
          </button>
          <div
            class="toolbar--right"
          />
        </div>
        <div
          class="BoardSwitcherDialogBody"
        >
          <div
            class="head"
          >
            <h3
              class="text-heading4"
            >
              Find Boards
            </h3>
            <h5>
              Type to find a board. Use 
              <b>
                UP/DOWN
              </b>
               to browse. 
              <b>
                ENTER
              </b>
               to select, 
              <b>
                ESC
              </b>
               to dismiss
            </h5>
            <div
              class="queryWrapper"
            >
              <i
                class="CompassIcon icon-magnify MagnifyIcon"
              />
              <input
                class="searchQuery"
                maxlength="100"
                placeholder="Search for boards"
                type="text"
              />
            </div>
          </div>
          <div
            class="searchResults"
          >
            
            
            <div
              class="noResults introScreen"
            >
              <div
                class="iconWrapper"
              >
                <i
                  class="CompassIcon icon-magnify MagnifyIcon"
                />
              </div>
              <h4
                class="text-heading4"
              >
                Search for boards
              </h4>
            </div>
          </div>
        </div>
      </div>
    </div>
  </div>
</div>
`;

exports[`component/BoardSwitcherDialog find one, default category 1`] = `
<div>
  <div
    class="Dialog dialog-back BoardSwitcherDialog"
  >
    <div
      class="backdrop"
    />
    <div
      class="wrapper"
    >
      <div
        class="dialog"
        role="dialog"
      >
        <div
          class="toolbar"
        >
          <button
            aria-label="Close dialog"
            title="Close dialog"
            type="button"
          >
            <i
              class="CompassIcon icon-close CloseIcon"
            />
          </button>
          <div
            class="toolbar--right"
          />
        </div>
        <div
          class="BoardSwitcherDialogBody"
        >
          <div
            class="head"
          >
            <h3
              class="text-heading4"
            >
              Find Boards
            </h3>
            <h5>
              Type to find a board. Use 
              <b>
                UP/DOWN
              </b>
               to browse. 
              <b>
                ENTER
              </b>
               to select, 
              <b>
                ESC
              </b>
               to dismiss
            </h5>
            <div
              class="queryWrapper"
            >
              <i
                class="CompassIcon icon-magnify MagnifyIcon"
              />
              <input
                class="searchQuery"
                maxlength="100"
                placeholder="Search for boards"
                type="text"
              />
            </div>
          </div>
          <div
            class="searchResults"
          >
            <div
              class="searchResult"
              tabindex="-1"
            >
              <div
                class="blockSearchResult"
              >
                <i
                  class="CompassIcon icon-lock-outline LockOutlineIcon"
                />
                <div
                  class="resultTitle"
                >
                  <span>
                    hello
                  </span>
                </div>
                <div
                  class="categoryTitle"
                >
                  <span
                    class="ml-2 text-light"
                  >
                    Boards
                  </span>
                </div>
                <span
                  class="teamTitle"
                >
                  Dunder Mifflin
                </span>
              </div>
            </div>
          </div>
        </div>
      </div>
    </div>
  </div>
</div>
`;

exports[`component/BoardSwitcherDialog find one, with custom category 1`] = `
<div>
  <div
    class="Dialog dialog-back BoardSwitcherDialog"
  >
    <div
      class="backdrop"
    />
    <div
      class="wrapper"
    >
      <div
        class="dialog"
        role="dialog"
      >
        <div
          class="toolbar"
        >
          <button
            aria-label="Close dialog"
            title="Close dialog"
            type="button"
          >
            <i
              class="CompassIcon icon-close CloseIcon"
            />
          </button>
          <div
            class="toolbar--right"
          />
        </div>
        <div
          class="BoardSwitcherDialogBody"
        >
          <div
            class="head"
          >
            <h3
              class="text-heading4"
            >
              Find Boards
            </h3>
            <h5>
              Type to find a board. Use 
              <b>
                UP/DOWN
              </b>
               to browse. 
              <b>
                ENTER
              </b>
               to select, 
              <b>
                ESC
              </b>
               to dismiss
            </h5>
            <div
              class="queryWrapper"
            >
              <i
                class="CompassIcon icon-magnify MagnifyIcon"
              />
              <input
                class="searchQuery"
                maxlength="100"
                placeholder="Search for boards"
                type="text"
              />
            </div>
          </div>
          <div
            class="searchResults"
          >
            <div
              class="searchResult"
              tabindex="-1"
            >
              <div
                class="blockSearchResult"
              >
                <i
                  class="CompassIcon icon-lock-outline LockOutlineIcon"
                />
                <div
                  class="resultTitle"
                >
                  <span>
                    hello
                  </span>
                </div>
                <div
                  class="categoryTitle"
                >
                  <span
                    class="ml-2 text-light"
                  >
                    TestCategory
                  </span>
                </div>
                <span
                  class="teamTitle"
                >
                  Dunder Mifflin
                </span>
              </div>
            </div>
          </div>
        </div>
      </div>
    </div>
  </div>
</div>
`;
